// Jest Snapshot v1, https://goo.gl/fbAQLP

exports[`except to render MainContent component 1`] = `ShallowWrapper {}`;
